================================================================================
HPLinpack 2.2  --  High-Performance Linpack benchmark  --   February 24, 2016
Written by A. Petitet and R. Clint Whaley,  Innovative Computing Laboratory, UTK
Modified by Piotr Luszczek, Innovative Computing Laboratory, UTK
Modified by Julien Langou, University of Colorado Denver
================================================================================

An explanation of the input/output parameters follows:
T/V    : Wall time / encoded variant.
N      : The order of the coefficient matrix A.
NB     : The partitioning blocking factor.
P      : The number of process rows.
Q      : The number of process columns.
Time   : Time in seconds to solve the linear system.
Gflops : Rate of execution for solving the linear system.

The following parameter values will be used:

N      :   40000 
NB     :    1024 
PMAP   : Row-major process mapping
P      :       1 
Q      :       1 
PFACT  :   Right 
NBMIN  :       2 
NDIV   :       2 
RFACT  :   Right 
BCAST  :   1ring 
DEPTH  :       1 
SWAP   : Spread-roll (long)
L1     : no-transposed form
U      : no-transposed form
EQUIL  : no
ALIGN  : 8 double precision words

--------------------------------------------------------------------------------

- The matrix A is randomly generated for each test.
- The following scaled residual check will be computed:
      ||Ax-b||_oo / ( eps * ( || x ||_oo * || A ||_oo + || b ||_oo ) * N )
- The relative machine precision (eps) is taken to be               1.110223e-16
- Computational tests pass if scaled residuals are less than                16.0

================================================================================
T/V                N    NB     P     Q               Time                 Gflops
--------------------------------------------------------------------------------
WR10R2R2       40000  1024     1     1              72.04              5.923e+02
HPL_pdgesv() start time Fri Dec 14 16:54:53 2018

HPL_pdgesv() end time   Fri Dec 14 16:56:05 2018

--VVV--VVV--VVV--VVV--VVV--VVV--VVV--VVV--VVV--VVV--VVV--VVV--VVV--VVV--VVV-
Max aggregated wall time rfact . . . :              14.01
+ Max aggregated wall time pfact . . :               3.90
+ Max aggregated wall time mxswp . . :               0.12
Max aggregated wall time update  . . :              58.03
+ Max aggregated wall time laswp . . :               0.01
Max aggregated wall time up tr sv  . :               0.00
--------------------------------------------------------------------------------
||Ax-b||_oo/(eps*(||A||_oo*||x||_oo+||b||_oo)*N)=        0.0000000 ...... PASSED
================================================================================

Finished      1 tests with the following results:
              1 tests completed and passed residual checks,
              0 tests completed and failed residual checks,
              0 tests skipped because of illegal input values.
--------------------------------------------------------------------------------

End of Tests.
================================================================================
